asegura@felipe:~$ docker network create misitio-net
permission denied while trying to connect to the Docker daemon socket at unix://                                              /var/run/docker.sock: Head "http://%2Fvar%2Frun%2Fdocker.sock/_ping": dial unix                                               /var/run/docker.sock: connect: permission denied
asegura@felipe:~$ sudo docker network create misitio-net
[sudo] password for asegura:
66f24336a99ed45895d10efa64d2b2bdcbf2b258495eb105148f859b74cba703
asegura@felipe:~$ sudo docker run -d --name mysql11 \
--network misitio-net \
-e MYSQL_ROOT_PASSWORD=carlos.123 \
-e MYSQL_USER=carlos \
-e MYSQL_PASSWORD=carlos.123 \
-e MYSQL_DATABASE=misitiodb \
-v websitedbvolume:/var/lib/mysql \
mariadb:latest
Unable to find image 'mariadb:latest' locally
latest: Pulling from library/mariadb
ff65ddf9395b: Pull complete
60bf5e4921eb: Pull complete
d4d47b8d6ea0: Pull complete
e38fc7e50f91: Pull complete
725acd03a3bc: Pull complete
db106334738c: Pull complete
234171a3de7d: Pull complete
25efdea61d9c: Pull complete
Digest: sha256:4a1de8fa2a929944373d7421105500ff6f889ce90dcb883fbb2fdb070e4d427e
Status: Downloaded newer image for mariadb:latest
688e2efce508d3e916b734ca207a27832f4f3238e9bf08cd85df508201c86d5e
asegura@felipe:~$ sudo docker volume ls
DRIVER    VOLUME NAME
local     websitedbvolume
asegura@felipe:~$ sudo docker volume inspect websitedvolume
[]
Error response from daemon: get websitedvolume: no such volume
asegura@felipe:~$ sudo docker volume inspect websitedvolume
[]
Error response from daemon: get websitedvolume: no such volume
asegura@felipe:~$ sudo docker volume inspect websitedbvolume
[
    {
        "CreatedAt": "2024-11-09T00:06:28Z",
        "Driver": "local",
        "Labels": null,
        "Mountpoint": "/var/lib/docker/volumes/websitedbvolume/_data",
        "Name": "websitedbvolume",
        "Options": null,
        "Scope": "local"
    }
]
asegura@felipe:~$ cd
asegura@felipe:~$ mkdir public_html
asegura@felipe:~$ sudo docker run -d --name sitio \
--network misitio-net \
-v $(pwd)/public_html:/var/www/html \
php:apache
Unable to find image 'php:apache' locally
apache: Pulling from library/php
a480a496ba95: Pull complete
64cfff3ac382: Pull complete
6c8db7ba2fb3: Pull complete
afd6dcf9c5c4: Pull complete
e2133690866d: Pull complete
eab50bae3de5: Pull complete
d9c650d17537: Pull complete
e09dc258c322: Pull complete
b9dd36c07ca0: Pull complete
e299a01471fd: Pull complete
a4e31c3cda9f: Pull complete
d404a37f1ede: Pull complete
8c2340e96d81: Pull complete
4f4fb700ef54: Pull complete
Digest: sha256:043ea7495711e3dea5a7780a3d2a5f1fa19ad0a91b3b0f554a7256abfb077b70
Status: Downloaded newer image for php:apache
eabdeb196746a946adc39555b943cc20dabf591bcc831b9d321ecdaae33f3805
asegura@felipe:~$ curl localhost:8080
curl: (7) Failed to connect to localhost port 8080 after 1 ms: Couldn't connect                                               to server
asegura@felipe:~$ cd
.cache/      public_html/ .ssh/
asegura@felipe:~$ cd
.cache/      public_html/ .ssh/
asegura@felipe:~$ cd public_html/
asegura@felipe:~/public_html$ vim index.html
asegura@felipe:~/public_html$ curl localhost:8080                                                                             curl: (7) Failed to connect to localhost port 8080 after 0 ms: Couldn't connect                                               to server
asegura@felipe:~/public_html$ docker ps
permission denied while trying to connect to the Docker daemon socket at unix://                                              /var/run/docker.sock: Get "http://%2Fvar%2Frun%2Fdocker.sock/v1.47/containers/js                                              on": dial unix /var/run/docker.sock: connect: permission denied
asegura@felipe:~/public_html$ sudo docker ps
CONTAINER ID   IMAGE            COMMAND                  CREATED          STATUS                                                        PORTS      NAMES
eabdeb196746   php:apache       "docker-php-entrypoi…"   6 minutes ago    Up 6 m                                              inutes    80/tcp     sitio
688e2efce508   mariadb:latest   "docker-entrypoint.s…"   10 minutes ago   Up 10                                               minutes   3306/tcp   mysql11
asegura@felipe:~/public_html$ sudo docker exec -it sitio bash
root@eabdeb196746:/var/www/html# exit
exit
asegura@felipe:~/public_html$ sudo docker exec -it sitio bash
root@eabdeb196746:/var/www/html# vim index.html
bash: vim: command not found
root@eabdeb196746:/var/www/html# vi index.html
bash: vi: command not found
root@eabdeb196746:/var/www/html# ^C
root@eabdeb196746:/var/www/html# exit
exit
asegura@felipe:~/public_html$ sudo docker stop sitio
sitio
asegura@felipe:~/public_html$ sudo docker rm sitio
sitio
asegura@felipe:~/public_html$ sudo
usage: sudo -h | -K | -k | -V
usage: sudo -v [-ABkNnS] [-g group] [-h host] [-p prompt] [-u user]
usage: sudo -l [-ABkNnS] [-g group] [-h host] [-p prompt] [-U user]
            [-u user] [command [arg ...]]
usage: sudo [-ABbEHkNnPS] [-r role] [-t type] [-C num] [-D directory]
            [-g group] [-h host] [-p prompt] [-R directory] [-T timeout]
            [-u user] [VAR=value] [-i | -s] [command [arg ...]]
usage: sudo -e [-ABkNnS] [-r role] [-t type] [-C num] [-D directory]
            [-g group] [-h host] [-p prompt] [-R directory] [-T timeout]
            [-u user] file ...
asegura@felipe:~/public_html$ sudo docker stop misitio
Error response from daemon: No such container: misitio
asegura@felipe:~/public_html$ sudo docker rm misitio
Error response from daemon: No such container: misitio
asegura@felipe:~/public_html$ sudo docker volume rm websitedbvolume
Error response from daemon: remove websitedbvolume: volume is in use - [688e2efce508d3e916b734ca207a27832f4f3238e9bf08cd85df508201c86d5e]
asegura@felipe:~/public_html$ sudo docker network rm misitio-net
Error response from daemon: error while removing network: network misitio-net id 66f24336a99ed45895d10efa64d2b2bdcbf2b258495eb105148f859b74cba703 has active endpoints
asegura@felipe:~/public_html$ sudo docker ps
CONTAINER ID   IMAGE            COMMAND                  CREATED          STATUS          PORTS      NAMES
688e2efce508   mariadb:latest   "docker-entrypoint.s…"   15 minutes ago   Up 15 minutes   3306/tcp   mysql11
asegura@felipe:~/public_html$ sudo curl -L "https://github.com/docker/compose/releases/download/1.29.2/docker-compose-$(uname -s)-$(uname -m)" -o /usr/local/bin/docker-compose
  % Total    % Received % Xferd  Average Speed   Time    Time     Time  Current
                                 Dload  Upload   Total   Spent    Left  Speed
  0     0    0     0    0     0      0      0 --:--:-- --:--:-- --:--:--     0
100 12.1M  100 12.1M    0     0  10.1M      0  0:00:01  0:00:01 --:--:-- 22.5M
asegura@felipe:~/public_html$ sudo chmod +x /usr/local/bin/docker-compose
asegura@felipe:~/public_html$ docker-compose --version
docker-compose version 1.29.2, build 5becea4c
asegura@felipe:~/public_html$ ls
index.html
asegura@felipe:~/public_html$ cd
asegura@felipe:~$ ls
public_html
asegura@felipe:~$ cd
.cache/      public_html/ .ssh/
asegura@felipe:~$ cd public_html/
asegura@felipe:~/public_html$ vim docker-compose.yml
asegura@felipe:~/public_html$ cat docker-compose.yml
version: '3'

services:
  sitio:
    image: php:apache
    container_name: sitio
    ports:
      - 8081:80
    volumes:
      - ./public_html:/var/www/html
    networks:
      - misitio-net

  misitiodb:
    image: mariadb:latest
    container_name: misitiodb
    volumes:
      - websitedbvolume:/var/lib/mysql
    environment:
      MYSQL_ROOT_PASSWORD: "carlos.123"
      MYSQL_USER: 'carlos'
      MYSQL_PASSWORD: 'carlos.123'
      MYSQL_DATABASE: misitiodb
    networks:
      - misitio-net

networks:
  misitio-net:

volumes:
  websitedbvolume:

asegura@felipe:~/public_html$ sudo docker-compose up -d
Creating network "public_html_misitio-net" with the default driver
Creating volume "public_html_websitedbvolume" with default driver
Creating sitio     ... done
Creating misitiodb ... done
asegura@felipe:~/public_html$ curl localhost:8081
<!DOCTYPE HTML PUBLIC "-//IETF//DTD HTML 2.0//EN">
<html><head>
<title>403 Forbidden</title>
</head><body>
<h1>Forbidden</h1>
<p>You don't have permission to access this resource.</p>
<hr>
<address>Apache/2.4.62 (Debian) Server at localhost Port 8081</address>
</body></html>
asegura@felipe:~/public_html$ sudo docker-compose logs -
ERROR: No such service: -
asegura@felipe:~/public_html$ sudo docker-compose logs -f
Attaching to misitiodb, sitio
misitiodb    | 2024-11-09 00:24:25+00:00 [Note] [Entrypoint]: Entrypoint script for MariaDB Server 1:11.5.2+maria~ubu2404 started.
misitiodb    | 2024-11-09 00:24:26+00:00 [Warn] [Entrypoint]: /sys/fs/cgroup///memory.pressure not writable, functionality unavailable to MariaDB
misitiodb    | 2024-11-09 00:24:26+00:00 [Note] [Entrypoint]: Switching to dedicated user 'mysql'
misitiodb    | 2024-11-09 00:24:26+00:00 [Note] [Entrypoint]: Entrypoint script for MariaDB Server 1:11.5.2+maria~ubu2404 started.
misitiodb    | 2024-11-09 00:24:27+00:00 [Note] [Entrypoint]: Initializing database files
misitiodb    | 2024-11-09  0:24:27 0 [Warning] mariadbd: io_uring_queue_init() failed with errno 95
misitiodb    | 2024-11-09  0:24:27 0 [Warning] InnoDB: liburing disabled: falling back to innodb_use_native_aio=OFF
misitiodb    | 2024-11-09 00:24:31+00:00 [Note] [Entrypoint]: Database files initialized
misitiodb    | 2024-11-09 00:24:31+00:00 [Note] [Entrypoint]: Starting temporary server
misitiodb    | 2024-11-09 00:24:31+00:00 [Note] [Entrypoint]: Waiting for server startup
misitiodb    | 2024-11-09  0:24:31 0 [Note] Starting MariaDB 11.5.2-MariaDB-ubu2404 source revision ea75a0b6009b0251e83193cd38c3974e36b65e06 server_uid Vd/ZhQ9/1UDIkuJiKG/mWrlg94k= as process 84
misitiodb    | 2024-11-09  0:24:31 0 [Note] InnoDB: Compressed tables use zlib 1.3
misitiodb    | 2024-11-09  0:24:31 0 [Note] InnoDB: Number of transaction pools: 1
misitiodb    | 2024-11-09  0:24:31 0 [Note] InnoDB: Using crc32 + pclmulqdq instructions
misitiodb    | 2024-11-09  0:24:31 0 [Note] mariadbd: O_TMPFILE is not supported on /tmp (disabling future attempts)
misitiodb    | 2024-11-09  0:24:31 0 [Warning] mariadbd: io_uring_queue_init() failed with errno 95
misitiodb    | 2024-11-09  0:24:31 0 [Warning] InnoDB: liburing disabled: falling back to innodb_use_native_aio=OFF
misitiodb    | 2024-11-09  0:24:31 0 [Note] InnoDB: Initializing buffer pool, total size = 128.000MiB, chunk size = 2.000MiB
misitiodb    | 2024-11-09  0:24:31 0 [Note] InnoDB: Completed initialization of buffer pool
misitiodb    | 2024-11-09  0:24:31 0 [Note] InnoDB: File system buffers for log disabled (block size=512 bytes)
misitiodb    | 2024-11-09  0:24:31 0 [Note] InnoDB: End of log at LSN=47733
misitiodb    | 2024-11-09  0:24:31 0 [Note] InnoDB: Opened 3 undo tablespaces
misitiodb    | 2024-11-09  0:24:31 0 [Note] InnoDB: 128 rollback segments in 3 undo tablespaces are active.
misitiodb    | 2024-11-09  0:24:31 0 [Note] InnoDB: Setting file './ibtmp1' size to 12.000MiB. Physically writing the file full; Please wait ...
misitiodb    | 2024-11-09  0:24:31 0 [Note] InnoDB: File './ibtmp1' size is now 12.000MiB.
misitiodb    | 2024-11-09  0:24:31 0 [Note] InnoDB: log sequence number 47733; transaction id 14
misitiodb    | 2024-11-09  0:24:31 0 [Note] Plugin 'FEEDBACK' is disabled.
misitiodb    | 2024-11-09  0:24:31 0 [Note] Plugin 'wsrep-provider' is disabled.
misitiodb    | 2024-11-09  0:24:37 0 [Note] mariadbd: Event Scheduler: Loaded 0 events
misitiodb    | 2024-11-09  0:24:37 0 [Note] mariadbd: ready for connections.
misitiodb    | Version: '11.5.2-MariaDB-ubu2404'  socket: '/run/mysqld/mysqld.sock'  port: 0  mariadb.org binary distribution
misitiodb    | 2024-11-09 00:24:37+00:00 [Note] [Entrypoint]: Temporary server started.
misitiodb    | 2024-11-09 00:24:39+00:00 [Note] [Entrypoint]: Creating database misitiodb
misitiodb    | 2024-11-09 00:24:39+00:00 [Note] [Entrypoint]: Creating user carlos
misitiodb    | 2024-11-09 00:24:39+00:00 [Note] [Entrypoint]: Giving user carlos access to schema misitiodb
misitiodb    | 2024-11-09 00:24:39+00:00 [Note] [Entrypoint]: Securing system users (equivalent to running mysql_secure_installation)
misitiodb    |
misitiodb    | 2024-11-09 00:24:39+00:00 [Note] [Entrypoint]: Stopping temporary server
misitiodb    | 2024-11-09  0:24:39 0 [Note] mariadbd (initiated by: unknown): Normal shutdown
misitiodb    | 2024-11-09  0:24:39 0 [Note] InnoDB: FTS optimize thread exiting.
misitiodb    | 2024-11-09  0:24:39 0 [Note] InnoDB: Starting shutdown...
misitiodb    | 2024-11-09  0:24:39 0 [Note] InnoDB: Dumping buffer pool(s) to /var/lib/mysql/ib_buffer_pool
misitiodb    | 2024-11-09  0:24:39 0 [Note] InnoDB: Buffer pool(s) dump completed at 241109  0:24:39
misitiodb    | 2024-11-09  0:24:40 0 [Note] InnoDB: Removed temporary tablespace data file: "./ibtmp1"
misitiodb    | 2024-11-09  0:24:40 0 [Note] InnoDB: Shutdown completed; log sequence number 47733; transaction id 15
misitiodb    | 2024-11-09  0:24:40 0 [Note] mariadbd: Shutdown complete
misitiodb    |
misitiodb    | 2024-11-09 00:24:40+00:00 [Note] [Entrypoint]: Temporary server stopped
misitiodb    |
misitiodb    | 2024-11-09 00:24:40+00:00 [Note] [Entrypoint]: MariaDB init process done. Ready for start up.
misitiodb    |
misitiodb    | 2024-11-09  0:24:40 0 [Note] Starting MariaDB 11.5.2-MariaDB-ubu2404 source revision ea75a0b6009b0251e83193cd38c3974e36b65e06 server_uid Vd/ZhQ9/1UDIkuJiKG/mWrlg94k= as process 1
misitiodb    | 2024-11-09  0:24:40 0 [Note] InnoDB: Compressed tables use zlib 1.3
misitiodb    | 2024-11-09  0:24:40 0 [Note] InnoDB: Number of transaction pools: 1
misitiodb    | 2024-11-09  0:24:40 0 [Note] InnoDB: Using crc32 + pclmulqdq instructions
misitiodb    | 2024-11-09  0:24:40 0 [Note] mariadbd: O_TMPFILE is not supported on /tmp (disabling future attempts)
misitiodb    | 2024-11-09  0:24:40 0 [Warning] mariadbd: io_uring_queue_init() failed with errno 95
misitiodb    | 2024-11-09  0:24:40 0 [Warning] InnoDB: liburing disabled: falling back to innodb_use_native_aio=OFF
misitiodb    | 2024-11-09  0:24:40 0 [Note] InnoDB: Initializing buffer pool, total size = 128.000MiB, chunk size = 2.000MiB
misitiodb    | 2024-11-09  0:24:40 0 [Note] InnoDB: Completed initialization of buffer pool
misitiodb    | 2024-11-09  0:24:40 0 [Note] InnoDB: File system buffers for log disabled (block size=512 bytes)
misitiodb    | 2024-11-09  0:24:40 0 [Note] InnoDB: End of log at LSN=47733
misitiodb    | 2024-11-09  0:24:40 0 [Note] InnoDB: Opened 3 undo tablespaces
misitiodb    | 2024-11-09  0:24:40 0 [Note] InnoDB: 128 rollback segments in 3 undo tablespaces are active.
misitiodb    | 2024-11-09  0:24:40 0 [Note] InnoDB: Setting file './ibtmp1' size to 12.000MiB. Physically writing the file full; Please wait ...
misitiodb    | 2024-11-09  0:24:40 0 [Note] InnoDB: File './ibtmp1' size is now 12.000MiB.
misitiodb    | 2024-11-09  0:24:40 0 [Note] InnoDB: log sequence number 47733; transaction id 14
misitiodb    | 2024-11-09  0:24:40 0 [Note] InnoDB: Loading buffer pool(s) from /var/lib/mysql/ib_buffer_pool
misitiodb    | 2024-11-09  0:24:40 0 [Note] Plugin 'FEEDBACK' is disabled.
misitiodb    | 2024-11-09  0:24:40 0 [Note] Plugin 'wsrep-provider' is disabled.
misitiodb    | 2024-11-09  0:24:40 0 [Note] InnoDB: Buffer pool(s) load completed at 241109  0:24:40
misitiodb    | 2024-11-09  0:24:45 0 [Note] Server socket created on IP: '0.0.0.0'.
misitiodb    | 2024-11-09  0:24:45 0 [Note] Server socket created on IP: '::'.
misitiodb    | 2024-11-09  0:24:45 0 [Note] mariadbd: Event Scheduler: Loaded 0 events
misitiodb    | 2024-11-09  0:24:45 0 [Note] mariadbd: ready for connections.
misitiodb    | Version: '11.5.2-MariaDB-ubu2404'  socket: '/run/mysqld/mysqld.sock'  port: 3306  mariadb.org binary distribution
sitio        | AH00558: apache2: Could not reliably determine the server's fully qualified domain name, using 172.19.0.2. Set the 'ServerName' directive globally to suppress this message
sitio        | AH00558: apache2: Could not reliably determine the server's fully qualified domain name, using 172.19.0.2. Set the 'ServerName' directive globally to suppress this message
sitio        | [Sat Nov 09 00:24:26.353437 2024] [mpm_prefork:notice] [pid 1:tid 1] AH00163: Apache/2.4.62 (Debian) PHP/8.3.13 configured -- resuming normal operations
sitio        | [Sat Nov 09 00:24:26.354018 2024] [core:notice] [pid 1:tid 1] AH00094: Command line: 'apache2 -D FOREGROUND'
sitio        | 172.19.0.1 - - [09/Nov/2024:00:24:53 +0000] "GET / HTTP/1.1" 403 437 "-" "curl/8.5.0"
sitio        | [Sat Nov 09 00:24:53.642166 2024] [autoindex:error] [pid 17:tid 17] [client 172.19.0.1:60290] AH01276: Cannot serve directory /var/www/html/: No matching DirectoryIndex (index.php,index.html) found, and server-generated directory index forbidden by Options directive
sudo docker-compose ps
^CERROR: Aborting.
asegura@felipe:~/public_html$ sudo docker-compose ps
  Name                 Command               State                  Ports
-----------------------------------------------------------------------------------------
misitiodb   docker-entrypoint.sh mariadbd    Up      3306/tcp
sitio       docker-php-entrypoint apac ...   Up      0.0.0.0:8081->80/tcp,:::8081->80/tcp
asegura@felipe:~/public_html$ sudo docker-compose exec website bash
asegura@felipe:~/public_html$ sudo docker-compose stop
sudo docker-compose rm
Stopping misitiodb ... done
Stopping sitio     ... done
Going to remove misitiodb, sitio
Are you sure? [yN] y
Removing misitiodb ... done
Removing sitio     ... done
asegura@felipe:~/public_html$ cd
asegura@felipe:~$ vim DockerFile
asegura@felipe:~$
